30/04/2026 10:39:19 AM:INFO:*** test_001_AccountRegistration started ***
30/04/2026 10:39:25 AM:INFO:Providing customer details for the registartion
30/04/2026 10:39:26 AM:INFO:Registartion is passed
30/04/2026 10:39:26 AM:INFO:*** test_001_AccountRegistration finished ***
30/04/2026 02:05:09 PM:INFO:*** test_001_AccountRegistration started ***
30/04/2026 02:05:11 PM:INFO:Providing customer details for the registartion
30/04/2026 02:05:12 PM:INFO:Registartion is passed
30/04/2026 02:05:12 PM:INFO:*** test_001_AccountRegistration finished ***
30/04/2026 02:06:14 PM:INFO:*** test_001_AccountRegistration started ***
30/04/2026 02:06:15 PM:INFO:Providing customer details for the registartion
30/04/2026 02:06:16 PM:INFO:Registartion is passed
30/04/2026 02:06:16 PM:INFO:*** test_001_AccountRegistration finished ***
30/04/2026 02:08:07 PM:INFO:*** test_001_AccountRegistration started ***
30/04/2026 02:08:09 PM:INFO:Providing customer details for the registartion
30/04/2026 02:08:10 PM:INFO:Registartion is passed
30/04/2026 02:08:10 PM:INFO:*** test_001_AccountRegistration finished ***
30/04/2026 02:14:54 PM:INFO:*** test_001_AccountRegistration started ***
30/04/2026 02:14:55 PM:INFO:Providing customer details for the registartion
30/04/2026 02:14:56 PM:INFO:Registartion is passed
30/04/2026 02:14:56 PM:INFO:*** test_001_AccountRegistration finished ***
30/04/2026 02:15:12 PM:INFO:*** test_001_AccountRegistration started ***
30/04/2026 02:15:13 PM:INFO:Providing customer details for the registartion
30/04/2026 02:15:15 PM:INFO:Registartion is passed
30/04/2026 02:15:15 PM:INFO:*** test_001_AccountRegistration finished ***
30/04/2026 02:21:19 PM:INFO:*** test_001_AccountRegistration started ***
30/04/2026 02:21:21 PM:INFO:Providing customer details for the registartion
30/04/2026 02:21:22 PM:INFO:Registartion is passed
30/04/2026 02:21:22 PM:INFO:*** test_001_AccountRegistration finished ***
30/04/2026 02:21:34 PM:INFO:*** test_001_AccountRegistration started ***
30/04/2026 02:21:39 PM:INFO:*** test_001_AccountRegistration started ***
30/04/2026 02:21:41 PM:INFO:Providing customer details for the registartion
30/04/2026 02:21:42 PM:INFO:Providing customer details for the registartion
30/04/2026 02:21:43 PM:INFO:Registartion is passed
30/04/2026 02:21:43 PM:INFO:*** test_001_AccountRegistration finished ***
30/04/2026 02:21:44 PM:INFO:Registartion is passed
30/04/2026 02:21:44 PM:INFO:*** test_001_AccountRegistration finished ***
30/04/2026 05:11:32 PM:INFO:*** test_001_AccountRegistration started ***
30/04/2026 05:11:38 PM:INFO:Providing customer details for the registartion
30/04/2026 05:11:40 PM:INFO:Registartion is passed
30/04/2026 05:11:40 PM:INFO:*** test_001_AccountRegistration finished ***
30/04/2026 05:11:52 PM:INFO:*** test_001_AccountRegistration started ***
30/04/2026 05:11:53 PM:INFO:Providing customer details for the registartion
30/04/2026 05:11:54 PM:INFO:Registartion is passed
30/04/2026 05:11:54 PM:INFO:*** test_001_AccountRegistration finished ***
30/04/2026 05:12:14 PM:INFO:*** test_001_AccountRegistration started ***
30/04/2026 05:12:15 PM:INFO:Providing customer details for the registartion
30/04/2026 05:12:16 PM:INFO:Registartion is passed
30/04/2026 05:12:16 PM:INFO:*** test_001_AccountRegistration finished ***
01/05/2026 05:34:32 PM:INFO:*** test_001_AccountRegistration started ***
01/05/2026 05:34:37 PM:INFO:Providing customer details for the registartion
01/05/2026 05:34:39 PM:INFO:Registartion is passed
01/05/2026 05:34:39 PM:INFO:*** test_001_AccountRegistration finished ***
01/05/2026 05:34:47 PM:INFO:*** test_001_AccountRegistration started ***
01/05/2026 05:34:50 PM:INFO:Providing customer details for the registartion
01/05/2026 05:34:52 PM:INFO:Registartion is passed
01/05/2026 05:34:52 PM:INFO:*** test_001_AccountRegistration finished ***
01/05/2026 05:35:09 PM:INFO:*** test_001_AccountRegistration started ***
01/05/2026 05:35:14 PM:INFO:Providing customer details for the registartion
01/05/2026 05:35:15 PM:INFO:Registartion is passed
01/05/2026 05:35:15 PM:INFO:*** test_001_AccountRegistration finished ***
01/05/2026 05:43:43 PM:INFO:*** test_001_AccountRegistration started ***
01/05/2026 05:43:46 PM:INFO:Providing customer details for the registartion
01/05/2026 05:43:49 PM:INFO:Registartion is passed
01/05/2026 05:43:49 PM:INFO:*** test_001_AccountRegistration finished ***
01/05/2026 05:44:37 PM:INFO:*** test_001_AccountRegistration started ***
01/05/2026 05:44:40 PM:INFO:Providing customer details for the registartion
01/05/2026 05:44:42 PM:INFO:Registartion is passed
01/05/2026 05:44:42 PM:INFO:*** test_001_AccountRegistration finished ***
11/05/2026 04:53:26 PM:INFO:*** test_002_Login started ***
11/05/2026 04:53:35 PM:INFO:*** test_002_Login started ***
11/05/2026 04:53:54 PM:INFO:*** test_002_Login started ***
11/05/2026 05:06:42 PM:INFO:*** test_002_Login started ***
11/05/2026 05:06:49 PM:INFO:*** test_002_Login started ***
11/05/2026 05:07:09 PM:INFO:*** test_002_Login started ***
11/05/2026 05:10:34 PM:INFO:*** test_002_Login started ***
11/05/2026 05:10:40 PM:INFO:*** test_002_Login started ***
11/05/2026 05:11:00 PM:INFO:*** test_002_Login started ***
12/05/2026 04:39:35 PM:INFO:*** test_002_Login started ***
12/05/2026 04:39:57 PM:INFO:*** test_002_Login started ***
12/05/2026 04:40:44 PM:INFO:*** test_002_Login started ***
12/05/2026 04:41:50 PM:INFO:*** test_002_Login started ***
12/05/2026 04:42:03 PM:INFO:*** test_002_Login started ***
12/05/2026 04:42:39 PM:INFO:*** test_002_Login started ***
12/05/2026 04:47:27 PM:INFO:*** test_002_Login started ***
12/05/2026 04:47:35 PM:INFO:*** test_002_Login finished ***
12/05/2026 04:47:41 PM:INFO:*** test_002_Login started ***
12/05/2026 04:47:48 PM:INFO:*** test_002_Login finished ***
12/05/2026 04:48:15 PM:INFO:*** test_002_Login started ***
12/05/2026 04:48:25 PM:INFO:*** test_002_Login finished ***
12/05/2026 06:52:30 PM:INFO:*** test_001_AccountRegistration started ***
12/05/2026 06:52:36 PM:INFO:Providing customer details for the registartion
12/05/2026 06:52:39 PM:INFO:Registartion is passed
12/05/2026 06:52:39 PM:INFO:*** test_001_AccountRegistration finished ***
12/05/2026 06:52:44 PM:INFO:*** test_002_Login started ***
12/05/2026 06:52:50 PM:INFO:*** test_002_Login finished ***
13/05/2026 12:29:35 PM:INFO:******** Starting DDT Login Test ********
13/05/2026 12:29:44 PM:INFO:******** Login DDT Iteration : 2 ********
13/05/2026 12:29:52 PM:INFO:****** Passed ******
13/05/2026 12:34:51 PM:INFO:******** Starting DDT Login Test ********
13/05/2026 12:34:57 PM:INFO:******** Login DDT Iteration : 2 ********
13/05/2026 12:35:03 PM:INFO:****** Passed ******
13/05/2026 12:35:05 PM:INFO:******** Login DDT Iteration : 3 ********
13/05/2026 12:35:11 PM:INFO:****** Passed ******
13/05/2026 12:35:11 PM:INFO:******** Login DDT Iteration : 4 ********
13/05/2026 12:35:20 PM:INFO:****** Passed ******
13/05/2026 12:35:20 PM:INFO:******** Login DDT Iteration : 5 ********
13/05/2026 12:35:27 PM:INFO:****** Passed ******
13/05/2026 12:35:31 PM:INFO:******** DDT Login Test Passed ********
13/05/2026 12:35:31 PM:INFO:******** End of DDT Login Test ********
13/05/2026 02:40:29 PM:INFO:*** test_002_Login started ***
13/05/2026 02:40:40 PM:INFO:*** test_002_Login finished ***
13/05/2026 04:25:53 PM:INFO:*** test_002_Login started ***
13/05/2026 04:26:00 PM:INFO:*** test_002_Login finished ***
13/05/2026 04:26:32 PM:INFO:*** test_002_Login started ***
